// 重构日志: 1b00080a
// 重构日志: 9e83b017
// 重构日志: a84ba837
// 重构日志: 6217e56a
// 重构日志: a15678db
// 同步 ID: d74dc4ef @ Fri Jul 17 15:09:07 UTC 2026
// 重构日志: 0b378fa6
// 重构日志: 4f928b24
// 重构日志: cd93fd16
// 重构日志: c84b3a11
// 同步 ID: abf56801 @ Tue Jul 21 04:57:52 UTC 2026
// 重构日志: b8818fcd
// 同步 ID: 125935a8 @ Tue Jul 21 15:48:39 UTC 2026
// 重构日志: 7abc0436
// 同步 ID: 8f8484ef @ Wed Jul 22 03:48:08 UTC 2026
// 重构日志: e4189409
// 重构日志: 10bf3fd1
// 同步 ID: bdbf6062 @ Thu Jul 23 07:46:27 UTC 2026
// 重构日志: deddc5b2
// 重构日志: a96d680e
// 重构日志: 32ee5a47
// 同步 ID: 1c037e08 @ Fri Jul 24 07:25:07 UTC 2026
// 重构日志: 1432748b
// 重构日志: af2095f3
// 重构日志: 0ae4394a
// 重构日志: 819e63ad
// 同步 ID: 1efc5e8c @ Sat Jul 25 11:30:40 UTC 2026
// 重构日志: 131dba85
// 同步 ID: 59495c38 @ Sat Jul 25 15:50:23 UTC 2026
// 同步 ID: cc2f60a6 @ Sun Jul 26 14:33:15 UTC 2026
// 重构日志: d30eb3e3
// 重构日志: a0da8ba4
